C51 COMPILER V9.60.7.0   MAIN                                                              08/31/2024 20:50:10 PAGE 1   


C51 COMPILER V9.60.7.0, COMPILATION OF MODULE MAIN
OBJECT MODULE PLACED IN .\Objects\main.obj
COMPILER INVOKED BY: C:\Keil_v5\C51\BIN\C51.EXE ..\..\APP\Source\main.c OPTIMIZE(8,SPEED) BROWSE INCDIR(..\..\APP\Includ
                    -e;..\..\Driver\Peripheral_Driver\Include;..\..\Driver\Device_Driver\Include) DEBUG OBJECTEXTEND PRINT(.\Listings\main.ls
                    -t) OBJECT(.\Objects\main.obj)

line level    source

   1          /**
   2           * @file main.c
   3           * @author wls (ufo281@outlook.com) 
   4           * @brief 
   5           * @version 1.0
   6           * @date 2024-08-31
   7           * 
   8           * @copyright Copyright (c) 2024
   9           * 
  10           */
  11          #include "STC12CXX.h"
  12          #include "pwm.h"
  13          #include "uart.h"
  14          #include "intrins.h"
  15          
  16          
  17          
  18          /**
  19           * @brief 硬件初始化 包含设备初始化，
  20           *       以及内核外设PWM TIMER IIC...初始化
  21           * 
  22           */
  23          void hardware_init(void)
  24          {
  25   1      
  26   1          uart1_init();
  27   1          pwm_init();
  28   1      
  29   1      }
  30          
  31          
  32          /**
  33           * @brief delay x us
  34           * 
  35           * @11.0592MHz
  36           * 
  37           * @param x 
  38           */
  39          void Delay_xus(unsigned int x)  
  40          {
  41   1          while (x--)
  42   1          {
  43   2              _nop_();
  44   2          }
  45   1          
  46   1      }
  47          
  48          
  49          
  50          /**
  51           * @brief 
  52           * 
  53           * @11.0592MHz 
C51 COMPILER V9.60.7.0   MAIN                                                              08/31/2024 20:50:10 PAGE 2   

  54           * 
  55           */
  56          void Delay_1ms(void)
  57          {
  58   1              unsigned char data i, j;
  59   1      
  60   1              _nop_();
  61   1              i = 11;
  62   1              j = 190;
  63   1              do
  64   1              {
  65   2                      while (--j);
  66   2              } while (--i);
  67   1      }
  68          
  69          
  70          
  71          /**
  72           * @brief delay x ms
  73           * 
  74           * @param x 
  75           */
  76          void delay_xms(unsigned int x)
  77          {
  78   1      
  79   1          while (x--)
  80   1          {
  81   2              Delay_1ms();
  82   2          }
  83   1          
  84   1      }
  85          
  86          
  87          
  88          void delay_xs(void)
  89          {
  90   1      
  91   1          delay_xms(1000);
  92   1          
  93   1      }
  94          
  95          
  96          
  97          /**
  98           * @brief 
  99           * 
 100           */
 101          void main(void)
 102          {
 103   1      
 104   1          hardware_init();
 105   1      
 106   1          while (1)
 107   1          {
 108   2      
 109   2              SendString("STC12C5A60S2\r\nUart Test !\r\n");
 110   2      
 111   2          }
 112   1          
 113   1      
 114   1      }
 115          
C51 COMPILER V9.60.7.0   MAIN                                                              08/31/2024 20:50:10 PAGE 3   



MODULE INFORMATION:   STATIC OVERLAYABLE
   CODE SIZE        =     71    ----
   CONSTANT SIZE    =     28    ----
   XDATA SIZE       =   ----    ----
   PDATA SIZE       =   ----    ----
   DATA SIZE        =   ----    ----
   IDATA SIZE       =   ----    ----
   BIT SIZE         =   ----    ----
END OF MODULE INFORMATION.


C51 COMPILATION COMPLETE.  0 WARNING(S),  0 ERROR(S)
