*** Using Compiler 'V5.06 update 7 (build 960)', folder: 'C:\Keil_v5\ARM\ARMCC\Bin'
Build target 'four axle uav'
compiling stm32f10x_cec.c...
compiling main.c...
..\..\APP\main.c(12): error:  #5: cannot open source input file "Delay.h": No such file or directory
  #include "Delay.h"
..\..\APP\main.c: 0 warnings, 1 error
compiling Delay.c...
"no source": Error:  #5: cannot open source input file "..\..\APP\Delay.c": No such file or directory
..\..\APP\Delay.c: 0 warnings, 1 error
compiling stm32f10x_dbgmcu.c...
compiling stm32f10x_exti.c...
compiling stm32f10x_crc.c...
compiling stm32f10x_it.c...
compiling stm32f10x_bkp.c...
compiling misc.c...
compiling stm32f10x_flash.c...
compiling stm32f10x_dma.c...
compiling stm32f10x_pwr.c...
compiling stm32f10x_gpio.c...
compiling stm32f10x_rcc.c...
assembling startup_stm32f10x_md.s...
compiling stm32f10x_usart.c...
compiling core_cm3.c...
compiling system_stm32f10x.c...
".\Objects\stm32f103c8t6.axf" - 2 Error(s), 0 Warning(s).
Target not created.
Build Time Elapsed:  00:00:03
