<html>
<body>
<pre>
<h1>µVision Build Log</h1>
<h2>Tool Versions:</h2>
IDE-Version: ¦ÌVision V5.38.0.0
Copyright (C) 2022 ARM Ltd and ARM Germany GmbH. All rights reserved.
License Information: w ls, no, LIC=IK1BF-6KENV-SBJEJ-U6313-IIFFZ-1T5WA
 
Tool Versions:
Toolchain:       MDK-ARM Plus  Version: 5.38.0.0
Toolchain Path:  C:\Keil_v5\ARM\ARMCC\Bin
C Compiler:      Armcc.exe V5.06 update 7 (build 960)
Assembler:       Armasm.exe V5.06 update 7 (build 960)
Linker/Locator:  ArmLink.exe V5.06 update 7 (build 960)
Library Manager: ArmAr.exe V5.06 update 7 (build 960)
Hex Converter:   FromElf.exe V5.06 update 7 (build 960)
CPU DLL:         SARMCM3.DLL V5.38.0.0
Dialog DLL:      DCM.DLL V1.17.5.0
Target DLL:      CMSIS_AGDI.dll V1.33.15.0
Dialog DLL:      TCM.DLL V1.56.4.0
 
<h2>Project:</h2>
D:\Desktop_File\four-axle-uav\Doc\Sensor Mode\BMP280\F1_BMP280_0.1_stm32f103_example\MDK-ARM\F1_c_0.1.uvprojx
Project File Date:  12/01/2024

<h2>Output:</h2>
*** Using Compiler 'V5.06 update 7 (build 960)', folder: 'C:\Keil_v5\ARM\ARMCC\Bin'
Rebuild target 'F1_c_0.1'
assembling startup_stm32f103xb.s...
compiling stm32f1xx_hal.c...
compiling stm32f1xx_hal_msp.c...
compiling i2c.c...
compiling stm32f1xx_it.c...
compiling gpio.c...
compiling main.c...
../MDK-ARM/bmp280.h(32): warning:  #1295-D: Deprecated declaration bmp280_sleep - give arg types
  void bmp280_sleep();
../MDK-ARM/bmp280.h(33): warning:  #1295-D: Deprecated declaration bmp280_wake - give arg types
  void bmp280_wake();
../Core/Src/main.c: 2 warnings, 0 errors
compiling bmp280.c...
BMP280.h(32): warning:  #1295-D: Deprecated declaration bmp280_sleep - give arg types
  void bmp280_sleep();
BMP280.h(33): warning:  #1295-D: Deprecated declaration bmp280_wake - give arg types
  void bmp280_wake();
bmp280.c: 2 warnings, 0 errors
compiling stm32f1xx_hal_rcc.c...
compiling usart.c...
compiling stm32f1xx_hal_gpio_ex.c...
compiling stm32f1xx_hal_i2c.c...
compiling stm32f1xx_hal_dma.c...
compiling stm32f1xx_hal_rcc_ex.c...
compiling stm32f1xx_hal_cortex.c...
compiling stm32f1xx_hal_gpio.c...
compiling stm32f1xx_hal_tim_ex.c...
compiling stm32f1xx_hal_exti.c...
compiling stm32f1xx_hal_flash.c...
compiling stm32f1xx_hal_flash_ex.c...
compiling stm32f1xx_hal_tim.c...
compiling stm32f1xx_hal_pwr.c...
compiling system_stm32f1xx.c...
compiling stm32f1xx_hal_uart.c...
compiling str_u.c...
compiling OLED.c...
linking...
Program Size: Code=18060 RO-data=8316 RW-data=56 ZI-data=2352  
FromELF: creating hex file...
"F1_c_0.1\F1_c_0.1" - 0 Error(s), 4 Warning(s).

<h2>Software Packages used:</h2>

Package Vendor: ARM
                http://www.keil.com/pack/ARM.CMSIS.5.9.0.pack
                ARM.CMSIS.5.9.0
                CMSIS (Common Microcontroller Software Interface Standard)
   * Component: CORE Version: 5.6.0

Package Vendor: Keil
                https://www.keil.com/pack/Keil.STM32F1xx_DFP.2.4.1.pack
                Keil.STM32F1xx_DFP.2.4.1
                STMicroelectronics STM32F1 Series Device Support, Drivers and Examples

<h2>Collection of Component include folders:</h2>
  ./RTE/_F1_c_0.1
  C:/Users/ufo28/AppData/Local/Arm/Packs/ARM/CMSIS/5.9.0/CMSIS/Core/Include
  C:/Users/ufo28/AppData/Local/Arm/Packs/Keil/STM32F1xx_DFP/2.4.1/Device/Include

<h2>Collection of Component Files used:</h2>

   * Component: ARM::CMSIS:CORE:5.6.0
      Include file:  CMSIS/Core/Include/tz_context.h
Build Time Elapsed:  00:00:12
</pre>
</body>
</html>
