*** Using Compiler 'V5.06 update 7 (build 960)', folder: 'C:\Keil_v5\ARM\ARMCC\Bin'
Rebuild target 'F1_c_0.1'
assembling startup_stm32f103xb.s...
compiling usart.c...
compiling stm32f1xx_hal_msp.c...
compiling stm32f1xx_it.c...
compiling i2c.c...
compiling stm32f1xx_hal_gpio_ex.c...
compiling gpio.c...
compiling stm32f1xx_hal_i2c.c...
compiling bmp280.c...
BMP280.h(32): warning:  #1295-D: Deprecated declaration bmp280_sleep - give arg types
  void bmp280_sleep();
BMP280.h(33): warning:  #1295-D: Deprecated declaration bmp280_wake - give arg types
  void bmp280_wake();
bmp280.c: 2 warnings, 0 errors
compiling stm32f1xx_hal.c...
compiling main.c...
../MDK-ARM/bmp280.h(32): warning:  #1295-D: Deprecated declaration bmp280_sleep - give arg types
  void bmp280_sleep();
../MDK-ARM/bmp280.h(33): warning:  #1295-D: Deprecated declaration bmp280_wake - give arg types
  void bmp280_wake();
../Core/Src/main.c: 2 warnings, 0 errors
compiling stm32f1xx_hal_rcc_ex.c...
compiling stm32f1xx_hal_rcc.c...
compiling stm32f1xx_hal_gpio.c...
compiling system_stm32f1xx.c...
compiling stm32f1xx_hal_pwr.c...
compiling stm32f1xx_hal_cortex.c...
compiling stm32f1xx_hal_dma.c...
compiling stm32f1xx_hal_tim_ex.c...
compiling stm32f1xx_hal_exti.c...
compiling stm32f1xx_hal_flash_ex.c...
compiling OLED.c...
compiling stm32f1xx_hal_flash.c...
compiling stm32f1xx_hal_tim.c...
compiling stm32f1xx_hal_uart.c...
compiling str_u.c...
linking...
Program Size: Code=18060 RO-data=8316 RW-data=56 ZI-data=2352  
FromELF: creating hex file...
"F1_c_0.1\F1_c_0.1" - 0 Error(s), 4 Warning(s).
Build Time Elapsed:  00:00:11
